<html>
<body>
<pre>
<h1>µVision Build Log</h1>
<h2>Tool Versions:</h2>
IDE-Version: ¦ÌVision V5.35.0.0
Copyright (C) 2021 ARM Ltd and ARM Germany GmbH. All rights reserved.
License Information: Ziqiu Jiang, Xjtlu, LIC=ZB4EI-TYU6Y-ARJXW-QZJP3-5UIXK-AH4B3
 
Tool Versions:
Toolchain:       MDK-ARM Plus  Version: 5.35.0.2
Toolchain Path:  D:\04_GMaster\Keil\ARM\ARMCC\Bin
C Compiler:      Armcc.exe V5.06 update 7 (build 960)
Assembler:       Armasm.exe V5.06 update 7 (build 960)
Linker/Locator:  ArmLink.exe V5.06 update 7 (build 960)
Library Manager: ArmAr.exe V5.06 update 7 (build 960)
Hex Converter:   FromElf.exe V5.06 update 7 (build 960)
CPU DLL:         SARMCM3.DLL V5.35.0.2
Dialog DLL:      DCM.DLL V1.17.3.0
Target DLL:      UL2CM3.DLL V1.164.0.0
Dialog DLL:      TCM.DLL V1.53.0.0
 
<h2>Project:</h2>
D:\01_Study\0.2_GM\20.standard_robot - gimbal\MDK-ARM\standard_robot.uvprojx
Project File Date:  04/02/2022

<h2>Output:</h2>
*** Using Compiler 'V5.06 update 7 (build 960)', folder: 'D:\04_GMaster\Keil\ARM\ARMCC\Bin'
Build target 'standard_robot'
compiling shoot.c...
compiling chassis_behaviour.c...
compiling gimbal_behaviour.c...
..\application\gimbal_behaviour.c(808): warning:  #1035-D: single-precision operand implicitly converted to double-precision
  						*yaw+=MC_Unit_r;
..\application\gimbal_behaviour.c(818): warning:  #1035-D: single-precision operand implicitly converted to double-precision
  						*yaw-=MC_Unit_r;
..\application\gimbal_behaviour.c(828): warning:  #1035-D: single-precision operand implicitly converted to double-precision
  						*pitch+=MC_Unit_r;
..\application\gimbal_behaviour.c(838): warning:  #1035-D: single-precision operand implicitly converted to double-precision
  						*pitch+=MC_Unit_r;
..\application\gimbal_behaviour.c: 4 warnings, 0 errors
compiling gimbal_task.c...
linking...
Program Size: Code=107064 RO-data=13792 RW-data=1200 ZI-data=58008  
FromELF: creating hex file...
"standard_tpye_c\standard_tpye_c.axf" - 0 Error(s), 4 Warning(s).

<h2>Software Packages used:</h2>

Package Vendor: ARM
                http://www.keil.com/pack/ARM.CMSIS.5.8.0.pack
                ARM.CMSIS.5.8.0
                CMSIS (Common Microcontroller Software Interface Standard)
   * Component: CORE Version: 5.5.0

Package Vendor: Keil
                http://www.keil.com/pack/Keil.STM32F4xx_DFP.2.15.0.pack
                Keil.STM32F4xx_DFP.2.15.0
                STMicroelectronics STM32F4 Series Device Support, Drivers and Examples

<h2>Collection of Component include folders:</h2>
  .\RTE\_standard_robot
  D:\04_GMaster\Keil Packs\ARM\CMSIS\5.8.0\CMSIS\Core\Include
  D:\04_GMaster\Keil Packs\Keil\STM32F4xx_DFP\2.15.0\Drivers\CMSIS\Device\ST\STM32F4xx\Include

<h2>Collection of Component Files used:</h2>

   * Component: ARM::CMSIS:CORE:5.5.0
Build Time Elapsed:  00:00:09
</pre>
</body>
</html>
